// Jest Snapshot v1, https://goo.gl/fbAQLP

exports[`New Donor NewDonor component renders correctly 1`] = `<DocumentFragment />`;
